// Jest Snapshot v1, https://goo.gl/fbAQLP

exports[`Home screen matches snapshot 1`] = `
<View
  style={
    {
      "alignItems": "center",
      "backgroundColor": "#fff",
      "flex": 1,
      "justifyContent": "center",
    }
  }
>
  <Text
    style={
      {
        "fontSize": 20,
        "fontWeight": "bold",
      }
    }
    testID="empty-text"
  >
    Empty Screen
  </Text>
</View>
`;
